Feb 22 00:00:09 ccs-cuda sshd[133388]: Connection closed by invalid user zhangdk 80.94.92.29 port 57682 [preauth]
Feb 22 00:00:09 ccs-cuda sshd[133392]: Failed password for invalid user zhuzhen from 80.94.92.176 port 36572 ssh2
Feb 22 00:00:10 ccs-cuda sshd[133392]: Connection closed by invalid user zhuzhen 80.94.92.176 port 36572 [preauth]
Feb 22 00:00:10 ccs-cuda sshd[133390]: Connection closed by invalid user loverd 2.57.122.245 port 52902 [preauth]
Feb 22 00:00:20 ccs-cuda sshd[133405]: Invalid user bash from 45.144.212.240 port 55928
Feb 22 00:00:21 ccs-cuda sshd[133405]: pam_unix(sshd:auth): check pass; user unknown
Feb 22 00:00:21 ccs-cuda sshd[133405]: pam_unix(sshd:auth): authentication failure; logname= uid=0 euid=0 tty=ssh ruser= rhost=45.144.212.240 
Feb 22 00:00:23 ccs-cuda sshd[133405]: Failed password for invalid user bash from 45.144.212.240 port 55928 ssh2
Feb 22 00:00:24 ccs-cuda sshd[133405]: Connection closed by invalid user bash 45.144.212.240 port 55928 [preauth]
Feb 22 00:00:25 ccs-cuda sshd[133407]: pam_unix(sshd:auth): authentication failure; logname= uid=0 euid=0 tty=ssh ruser= rhost=80.94.92.163  user=root
Feb 22 00:00:26 ccs-cuda sshd[133407]: Failed password for root from 80.94.92.163 port 34464 ssh2
Feb 22 00:00:27 ccs-cuda sshd[133411]: Invalid user ynh from 80.94.92.30 port 51360
Feb 22 00:00:28 ccs-cuda sshd[133407]: Connection closed by authenticating user root 80.94.92.163 port 34464 [preauth]
Feb 22 00:00:28 ccs-cuda sshd[133411]: pam_unix(sshd:auth): check pass; user unknown
Feb 22 00:00:28 ccs-cuda sshd[133411]: pam_unix(sshd:auth): authentication failure; logname= uid=0 euid=0 tty=ssh ruser= rhost=80.94.92.30 
Feb 22 00:00:28 ccs-cuda sshd[133409]: Invalid user ranvivim from 2.57.122.137 port 40492
Feb 22 00:00:28 ccs-cuda sshd[133409]: pam_unix(sshd:auth): check pass; user unknown
Feb 22 00:00:28 ccs-cuda sshd[133409]: pam_unix(sshd:auth): authentication failure; logname= uid=0 euid=0 tty=ssh ruser= rhost=2.57.122.137 
Feb 22 00:00:30 ccs-cuda sshd[133411]: Failed password for invalid user ynh from 80.94.92.30 port 51360 ssh2
Feb 22 00:00:30 ccs-cuda sshd[133409]: Failed password for invalid user ranvivim from 2.57.122.137 port 40492 ssh2
Feb 22 00:00:31 ccs-cuda sshd[133409]: Connection closed by invalid user ranvivim 2.57.122.137 port 40492 [preauth]
Feb 22 00:00:31 ccs-cuda sshd[133411]: Connection closed by invalid user ynh 80.94.92.30 port 51360 [preauth]
Feb 22 00:00:35 ccs-cuda sshd[133418]: pam_unix(sshd:auth): authentication failure; logname= uid=0 euid=0 tty=ssh ruser= rhost=77.83.39.153  user=root
Feb 22 00:00:37 ccs-cuda sshd[133418]: Failed password for root from 77.83.39.153 port 50394 ssh2
Feb 22 00:00:38 ccs-cuda sshd[133418]: Connection closed by authenticating user root 77.83.39.153 port 50394 [preauth]
Feb 22 00:00:38 ccs-cuda sshd[133422]: Invalid user liuzunpeng from 80.94.92.28 port 37614
Feb 22 00:00:38 ccs-cuda sshd[133422]: pam_unix(sshd:auth): check pass; user unknown
Feb 22 00:00:38 ccs-cuda sshd[133422]: pam_unix(sshd:auth): authentication failure; logname= uid=0 euid=0 tty=ssh ruser= rhost=80.94.92.28 
Feb 22 00:00:40 ccs-cuda sshd[133422]: Failed password for invalid user liuzunpeng from 80.94.92.28 port 37614 ssh2
Feb 22 00:00:42 ccs-cuda sshd[133422]: Connection closed by invalid user liuzunpeng 80.94.92.28 port 37614 [preauth]
Feb 22 00:00:46 ccs-cuda sshd[133425]: Invalid user yangzexuan from 92.118.39.81 port 55210
Feb 22 00:00:46 ccs-cuda sshd[133425]: pam_unix(sshd:auth): check pass; user unknown
Feb 22 00:00:46 ccs-cuda sshd[133425]: pam_unix(sshd:auth): authentication failure; logname= uid=0 euid=0 tty=ssh ruser= rhost=92.118.39.81 
Feb 22 00:00:48 ccs-cuda sshd[133425]: Failed password for invalid user yangzexuan from 92.118.39.81 port 55210 ssh2
Feb 22 00:00:48 ccs-cuda sshd[133425]: Connection closed by invalid user yangzexuan 92.118.39.81 port 55210 [preauth]
Feb 22 00:01:05 ccs-cuda sshd[133431]: Invalid user tianchuan from 80.94.92.27 port 44794
Feb 22 00:01:05 ccs-cuda sshd[133431]: pam_unix(sshd:auth): check pass; user unknown
Feb 22 00:01:05 ccs-cuda sshd[133431]: pam_unix(sshd:auth): authentication failure; logname= uid=0 euid=0 tty=ssh ruser= rhost=80.94.92.27 
Feb 22 00:01:07 ccs-cuda sshd[133431]: Failed password for invalid user tianchuan from 80.94.92.27 port 44794 ssh2
Feb 22 00:01:09 ccs-cuda sshd[133440]: pam_unix(sshd:auth): authentication failure; logname= uid=0 euid=0 tty=ssh ruser= rhost=77.83.39.153  user=root
Feb 22 00:01:09 ccs-cuda sshd[133431]: Connection closed by invalid user tianchuan 80.94.92.27 port 44794 [preauth]
Feb 22 00:01:11 ccs-cuda sshd[133440]: Failed password for root from 77.83.39.153 port 43112 ssh2
Feb 22 00:01:12 ccs-cuda sshd[133440]: Connection closed by authenticating user root 77.83.39.153 port 43112 [preauth]
Feb 22 00:01:18 ccs-cuda sshd[133443]: Invalid user qiao from 80.94.92.29 port 58214
Feb 22 00:01:19 ccs-cuda sshd[133443]: pam_unix(sshd:auth): check pass; user unknown
Feb 22 00:01:19 ccs-cuda sshd[133443]: pam_unix(sshd:auth): authentication failure; logname= uid=0 euid=0 tty=ssh ruser= rhost=80.94.92.29 
Feb 22 00:01:20 ccs-cuda sshd[133445]: Invalid user wode from 2.57.122.245 port 53452
Feb 22 00:01:20 ccs-cuda sshd[133445]: pam_unix(sshd:auth): check pass; user unknown
Feb 22 00:01:20 ccs-cuda sshd[133445]: pam_unix(sshd:auth): authentication failure; logname= uid=0 euid=0 tty=ssh ruser= rhost=2.57.122.245 
Feb 22 00:01:20 ccs-cuda sshd[133443]: Failed password for invalid user qiao from 80.94.92.29 port 58214 ssh2
Feb 22 00:01:21 ccs-cuda sshd[133443]: Connection closed by invalid user qiao 80.94.92.29 port 58214 [preauth]
Feb 22 00:01:22 ccs-cuda sshd[133445]: Failed password for invalid user wode from 2.57.122.245 port 53452 ssh2
Feb 22 00:01:23 ccs-cuda sshd[133448]: Invalid user carlo from 80.94.92.31 port 39744
Feb 22 00:01:23 ccs-cuda sshd[133445]: Connection closed by invalid user wode 2.57.122.245 port 53452 [preauth]
Feb 22 00:01:23 ccs-cuda sshd[133448]: pam_unix(sshd:auth): check pass; user unknown
Feb 22 00:01:23 ccs-cuda sshd[133448]: pam_unix(sshd:auth): authentication failure; logname= uid=0 euid=0 tty=ssh ruser= rhost=80.94.92.31 
Feb 22 00:01:25 ccs-cuda sshd[133448]: Failed password for invalid user carlo from 80.94.92.31 port 39744 ssh2
Feb 22 00:01:26 ccs-cuda sshd[133448]: Connection closed by invalid user carlo 80.94.92.31 port 39744 [preauth]
Feb 22 00:01:43 ccs-cuda sshd[133455]: pam_unix(sshd:auth): authentication failure; logname= uid=0 euid=0 tty=ssh ruser= rhost=77.83.39.153  user=root
Feb 22 00:01:45 ccs-cuda sshd[133455]: Failed password for root from 77.83.39.153 port 41138 ssh2
Feb 22 00:01:46 ccs-cuda sshd[133460]: Invalid user impresso from 80.94.92.30 port 51970
Feb 22 00:01:46 ccs-cuda sshd[133455]: Connection closed by authenticating user root 77.83.39.153 port 41138 [preauth]
Feb 22 00:01:46 ccs-cuda sshd[133460]: pam_unix(sshd:auth): check pass; user unknown
Feb 22 00:01:46 ccs-cuda sshd[133460]: pam_unix(sshd:auth): authentication failure; logname= uid=0 euid=0 tty=ssh ruser= rhost=80.94.92.30 
Feb 22 00:01:47 ccs-cuda sshd[133458]: pam_unix(sshd:auth): authentication failure; logname= uid=0 euid=0 tty=ssh ruser= rhost=80.94.92.176  user=root
Feb 22 00:01:48 ccs-cuda sshd[133460]: Failed password for invalid user impresso from 80.94.92.30 port 51970 ssh2
Feb 22 00:01:49 ccs-cuda sshd[133458]: Failed password for root from 80.94.92.176 port 55580 ssh2
Feb 22 00:01:49 ccs-cuda sshd[133458]: Connection closed by authenticating user root 80.94.92.176 port 55580 [preauth]
Feb 22 00:01:50 ccs-cuda sshd[133460]: Connection closed by invalid user impresso 80.94.92.30 port 51970 [preauth]
Feb 22 00:01:56 ccs-cuda sshd[133463]: Invalid user sykoh from 80.94.92.28 port 38232
Feb 22 00:01:56 ccs-cuda sshd[133463]: pam_unix(sshd:auth): check pass; user unknown
Feb 22 00:01:56 ccs-cuda sshd[133463]: pam_unix(sshd:auth): authentication failure; logname= uid=0 euid=0 tty=ssh ruser= rhost=80.94.92.28 
Feb 22 00:01:57 ccs-cuda sshd[133465]: Invalid user zhaoliang from 2.57.122.137 port 41252
Feb 22 00:01:58 ccs-cuda sshd[133465]: pam_unix(sshd:auth): check pass; user unknown
Feb 22 00:01:58 ccs-cuda sshd[133465]: pam_unix(sshd:auth): authentication failure; logname= uid=0 euid=0 tty=ssh ruser= rhost=2.57.122.137 
Feb 22 00:01:58 ccs-cuda sshd[133463]: Failed password for invalid user sykoh from 80.94.92.28 port 38232 ssh2
Feb 22 00:01:59 ccs-cuda sshd[133463]: Connection closed by invalid user sykoh 80.94.92.28 port 38232 [preauth]
Feb 22 00:02:00 ccs-cuda sshd[133465]: Failed password for invalid user zhaoliang from 2.57.122.137 port 41252 ssh2
Feb 22 00:02:01 ccs-cuda sshd[133465]: Connection closed by invalid user zhaoliang 2.57.122.137 port 41252 [preauth]
Feb 22 00:02:08 ccs-cuda sshd[133472]: Invalid user minergate from 80.94.92.163 port 49518
Feb 22 00:02:08 ccs-cuda sshd[133472]: pam_unix(sshd:auth): check pass; user unknown
Feb 22 00:02:08 ccs-cuda sshd[133472]: pam_unix(sshd:auth): authentication failure; logname= uid=0 euid=0 tty=ssh ruser= rhost=80.94.92.163 
Feb 22 00:02:10 ccs-cuda sshd[133472]: Failed password for invalid user minergate from 80.94.92.163 port 49518 ssh2
Feb 22 00:02:12 ccs-cuda sshd[133472]: Connection closed by invalid user minergate 80.94.92.163 port 49518 [preauth]
Feb 22 00:02:16 ccs-cuda sshd[133475]: Invalid user seekcy from 77.83.39.153 port 60958
Feb 22 00:02:17 ccs-cuda sshd[133475]: pam_unix(sshd:auth): check pass; user unknown
Feb 22 00:02:17 ccs-cuda sshd[133475]: pam_unix(sshd:auth): authentication failure; logname= uid=0 euid=0 tty=ssh ruser= rhost=77.83.39.153 
Feb 22 00:02:19 ccs-cuda sshd[133475]: Failed password for invalid user seekcy from 77.83.39.153 port 60958 ssh2
Feb 22 00:02:20 ccs-cuda sshd[133475]: Connection closed by invalid user seekcy 77.83.39.153 port 60958 [preauth]
Feb 22 00:02:30 ccs-cuda sshd[133478]: pam_unix(sshd:auth): authentication failure; logname= uid=0 euid=0 tty=ssh ruser= rhost=80.94.92.27  user=root
Feb 22 00:02:31 ccs-cuda sshd[133478]: Failed password for root from 80.94.92.27 port 45522 ssh2
Feb 22 00:02:33 ccs-cuda sshd[133478]: Connection closed by authenticating user root 80.94.92.27 port 45522 [preauth]
Feb 22 00:02:33 ccs-cuda sshd[133483]: pam_unix(sshd:auth): authentication failure; logname= uid=0 euid=0 tty=ssh ruser= rhost=2.57.122.245  user=root
Feb 22 00:02:33 ccs-cuda sshd[133485]: Invalid user user from 45.144.212.240 port 51996
Feb 22 00:02:33 ccs-cuda sshd[133480]: Invalid user lijj from 80.94.92.29 port 58740
Feb 22 00:02:33 ccs-cuda sshd[133480]: pam_unix(sshd:auth): check pass; user unknown
Feb 22 00:02:33 ccs-cuda sshd[133480]: pam_unix(sshd:auth): authentication failure; logname= uid=0 euid=0 tty=ssh ruser= rhost=80.94.92.29 
Feb 22 00:02:33 ccs-cuda sshd[133485]: pam_unix(sshd:auth): check pass; user unknown
Feb 22 00:02:33 ccs-cuda sshd[133485]: pam_unix(sshd:auth): authentication failure; logname= uid=0 euid=0 tty=ssh ruser= rhost=45.144.212.240 
Feb 22 00:02:35 ccs-cuda sshd[133483]: Failed password for root from 2.57.122.245 port 54000 ssh2
Feb 22 00:02:35 ccs-cuda sshd[133480]: Failed password for invalid user lijj from 80.94.92.29 port 58740 ssh2
Feb 22 00:02:35 ccs-cuda sshd[133485]: Failed password for invalid user user from 45.144.212.240 port 51996 ssh2
Feb 22 00:02:36 ccs-cuda sshd[133483]: Connection closed by authenticating user root 2.57.122.245 port 54000 [preauth]
Feb 22 00:02:37 ccs-cuda sshd[133485]: Connection closed by invalid user user 45.144.212.240 port 51996 [preauth]
Feb 22 00:02:37 ccs-cuda sshd[133480]: Connection closed by invalid user lijj 80.94.92.29 port 58740 [preauth]
Feb 22 00:02:44 ccs-cuda sshd[133494]: Invalid user jingxiaoman from 80.94.92.31 port 40306
Feb 22 00:02:44 ccs-cuda sshd[133494]: pam_unix(sshd:auth): check pass; user unknown
Feb 22 00:02:44 ccs-cuda sshd[133494]: pam_unix(sshd:auth): authentication failure; logname= uid=0 euid=0 tty=ssh ruser= rhost=80.94.92.31 
Feb 22 00:02:46 ccs-cuda sshd[133494]: Failed password for invalid user jingxiaoman from 80.94.92.31 port 40306 ssh2
Feb 22 00:02:46 ccs-cuda sshd[133492]: Invalid user JiyuanLiu from 92.118.39.81 port 46174
Feb 22 00:02:47 ccs-cuda sshd[133492]: pam_unix(sshd:auth): check pass; user unknown
Feb 22 00:02:47 ccs-cuda sshd[133492]: pam_unix(sshd:auth): authentication failure; logname= uid=0 euid=0 tty=ssh ruser= rhost=92.118.39.81 
Feb 22 00:02:47 ccs-cuda sshd[133494]: Connection closed by invalid user jingxiaoman 80.94.92.31 port 40306 [preauth]
Feb 22 00:02:49 ccs-cuda sshd[133492]: Failed password for invalid user JiyuanLiu from 92.118.39.81 port 46174 ssh2
Feb 22 00:02:51 ccs-cuda sshd[133497]: Invalid user guest from 77.83.39.153 port 54880
Feb 22 00:02:51 ccs-cuda sshd[133497]: pam_unix(sshd:auth): check pass; user unknown
Feb 22 00:02:51 ccs-cuda sshd[133497]: pam_unix(sshd:auth): authentication failure; logname= uid=0 euid=0 tty=ssh ruser= rhost=77.83.39.153 
Feb 22 00:02:52 ccs-cuda sshd[133492]: Connection closed by invalid user JiyuanLiu 92.118.39.81 port 46174 [preauth]
Feb 22 00:02:54 ccs-cuda sshd[133497]: Failed password for invalid user guest from 77.83.39.153 port 54880 ssh2
Feb 22 00:02:54 ccs-cuda sshd[133497]: Connection closed by invalid user guest 77.83.39.153 port 54880 [preauth]
Feb 22 00:03:06 ccs-cuda sshd[133504]: Invalid user limingl from 80.94.92.30 port 52602
Feb 22 00:03:06 ccs-cuda sshd[133504]: pam_unix(sshd:auth): check pass; user unknown
Feb 22 00:03:06 ccs-cuda sshd[133504]: pam_unix(sshd:auth): authentication failure; logname= uid=0 euid=0 tty=ssh ruser= rhost=80.94.92.30 
Feb 22 00:03:08 ccs-cuda sshd[133504]: Failed password for invalid user limingl from 80.94.92.30 port 52602 ssh2
Feb 22 00:03:09 ccs-cuda sshd[133504]: Connection closed by invalid user limingl 80.94.92.30 port 52602 [preauth]
Feb 22 00:03:11 ccs-cuda sshd[133507]: Invalid user uti from 80.94.92.28 port 38834
Feb 22 00:03:12 ccs-cuda sshd[133507]: pam_unix(sshd:auth): check pass; user unknown
Feb 22 00:03:12 ccs-cuda sshd[133507]: pam_unix(sshd:auth): authentication failure; logname= uid=0 euid=0 tty=ssh ruser= rhost=80.94.92.28 
Feb 22 00:03:13 ccs-cuda sshd[133507]: Failed password for invalid user uti from 80.94.92.28 port 38834 ssh2
Feb 22 00:03:14 ccs-cuda sshd[133507]: Connection closed by invalid user uti 80.94.92.28 port 38834 [preauth]
Feb 22 00:03:25 ccs-cuda sshd[133510]: Invalid user inspur from 77.83.39.153 port 33516
Feb 22 00:03:25 ccs-cuda sshd[133510]: pam_unix(sshd:auth): check pass; user unknown
Feb 22 00:03:25 ccs-cuda sshd[133510]: pam_unix(sshd:auth): authentication failure; logname= uid=0 euid=0 tty=ssh ruser= rhost=77.83.39.153 
Feb 22 00:03:26 ccs-cuda sshd[133512]: pam_unix(sshd:auth): authentication failure; logname= uid=0 euid=0 tty=ssh ruser= rhost=80.94.92.176  user=root
Feb 22 00:03:28 ccs-cuda sshd[133510]: Failed password for invalid user inspur from 77.83.39.153 port 33516 ssh2
Feb 22 00:03:28 ccs-cuda sshd[133512]: Failed password for root from 80.94.92.176 port 46798 ssh2
Feb 22 00:03:29 ccs-cuda sshd[133515]: pam_unix(sshd:auth): authentication failure; logname= uid=0 euid=0 tty=ssh ruser= rhost=2.57.122.137  user=root
Feb 22 00:03:29 ccs-cuda sshd[133512]: Connection closed by authenticating user root 80.94.92.176 port 46798 [preauth]
Feb 22 00:03:29 ccs-cuda sshd[133510]: Connection closed by invalid user inspur 77.83.39.153 port 33516 [preauth]
Feb 22 00:03:31 ccs-cuda sshd[133515]: Failed password for root from 2.57.122.137 port 41994 ssh2
Feb 22 00:03:32 ccs-cuda sshd[133515]: Connection closed by authenticating user root 2.57.122.137 port 41994 [preauth]
Feb 22 00:03:44 ccs-cuda sshd[133522]: Invalid user wangchunyang from 80.94.92.29 port 59254
Feb 22 00:03:45 ccs-cuda sshd[133522]: pam_unix(sshd:auth): check pass; user unknown
Feb 22 00:03:45 ccs-cuda sshd[133522]: pam_unix(sshd:auth): authentication failure; logname= uid=0 euid=0 tty=ssh ruser= rhost=80.94.92.29 
Feb 22 00:03:46 ccs-cuda sshd[133522]: Failed password for invalid user wangchunyang from 80.94.92.29 port 59254 ssh2
Feb 22 00:03:47 ccs-cuda sshd[133524]: Invalid user cole from 2.57.122.245 port 54556
Feb 22 00:03:47 ccs-cuda sshd[133524]: pam_unix(sshd:auth): check pass; user unknown
Feb 22 00:03:47 ccs-cuda sshd[133524]: pam_unix(sshd:auth): authentication failure; logname= uid=0 euid=0 tty=ssh ruser= rhost=2.57.122.245 
Feb 22 00:03:48 ccs-cuda sshd[133522]: Connection closed by invalid user wangchunyang 80.94.92.29 port 59254 [preauth]
Feb 22 00:03:49 ccs-cuda sshd[133524]: Failed password for invalid user cole from 2.57.122.245 port 54556 ssh2
Feb 22 00:03:50 ccs-cuda sshd[133524]: Connection closed by invalid user cole 2.57.122.245 port 54556 [preauth]
Feb 22 00:03:52 ccs-cuda sshd[133529]: pam_unix(sshd:auth): authentication failure; logname= uid=0 euid=0 tty=ssh ruser= rhost=80.94.92.163  user=root
Feb 22 00:03:53 ccs-cuda sshd[133527]: Invalid user xiongyaoo from 80.94.92.27 port 46268
Feb 22 00:03:53 ccs-cuda sshd[133527]: pam_unix(sshd:auth): check pass; user unknown
Feb 22 00:03:53 ccs-cuda sshd[133527]: pam_unix(sshd:auth): authentication failure; logname= uid=0 euid=0 tty=ssh ruser= rhost=80.94.92.27 
Feb 22 00:03:55 ccs-cuda sshd[133529]: Failed password for root from 80.94.92.163 port 39344 ssh2
Feb 22 00:03:56 ccs-cuda sshd[133527]: Failed password for invalid user xiongyaoo from 80.94.92.27 port 46268 ssh2
Feb 22 00:03:58 ccs-cuda sshd[133529]: Connection closed by authenticating user root 80.94.92.163 port 39344 [preauth]
Feb 22 00:03:58 ccs-cuda sshd[133527]: Connection closed by invalid user xiongyaoo 80.94.92.27 port 46268 [preauth]
Feb 22 00:03:59 ccs-cuda sshd[133531]: Invalid user mysql from 77.83.39.153 port 45298
Feb 22 00:04:00 ccs-cuda sshd[133531]: pam_unix(sshd:auth): check pass; user unknown
Feb 22 00:04:00 ccs-cuda sshd[133531]: pam_unix(sshd:auth): authentication failure; logname= uid=0 euid=0 tty=ssh ruser= rhost=77.83.39.153 
Feb 22 00:04:02 ccs-cuda sshd[133531]: Failed password for invalid user mysql from 77.83.39.153 port 45298 ssh2
Feb 22 00:04:02 ccs-cuda sshd[133534]: pam_unix(sshd:auth): authentication failure; logname= uid=0 euid=0 tty=ssh ruser= rhost=80.94.92.31  user=root
Feb 22 00:04:03 ccs-cuda sshd[133531]: Connection closed by invalid user mysql 77.83.39.153 port 45298 [preauth]
Feb 22 00:04:04 ccs-cuda sshd[133534]: Failed password for root from 80.94.92.31 port 40868 ssh2
Feb 22 00:04:05 ccs-cuda sshd[133534]: Connection closed by authenticating user root 80.94.92.31 port 40868 [preauth]
Feb 22 00:04:27 ccs-cuda sshd[133542]: Invalid user haozc from 80.94.92.30 port 53240
Feb 22 00:04:28 ccs-cuda sshd[133542]: pam_unix(sshd:auth): check pass; user unknown
Feb 22 00:04:28 ccs-cuda sshd[133542]: pam_unix(sshd:auth): authentication failure; logname= uid=0 euid=0 tty=ssh ruser= rhost=80.94.92.30 
Feb 22 00:04:28 ccs-cuda sshd[133544]: Invalid user supplier from 80.94.92.28 port 39444
Feb 22 00:04:28 ccs-cuda sshd[133544]: pam_unix(sshd:auth): check pass; user unknown
Feb 22 00:04:28 ccs-cuda sshd[133544]: pam_unix(sshd:auth): authentication failure; logname= uid=0 euid=0 tty=ssh ruser= rhost=80.94.92.28 
Feb 22 00:04:29 ccs-cuda sshd[133542]: Failed password for invalid user haozc from 80.94.92.30 port 53240 ssh2
Feb 22 00:04:30 ccs-cuda sshd[133544]: Failed password for invalid user supplier from 80.94.92.28 port 39444 ssh2
Feb 22 00:04:30 ccs-cuda sshd[133542]: Connection closed by invalid user haozc 80.94.92.30 port 53240 [preauth]
Feb 22 00:04:32 ccs-cuda sshd[133544]: Connection closed by invalid user supplier 80.94.92.28 port 39444 [preauth]
Feb 22 00:04:33 ccs-cuda sshd[133554]: pam_unix(sshd:auth): authentication failure; logname= uid=0 euid=0 tty=ssh ruser= rhost=77.83.39.153  user=root
Feb 22 00:04:34 ccs-cuda sshd[133554]: Failed password for root from 77.83.39.153 port 50424 ssh2
Feb 22 00:04:36 ccs-cuda sshd[133554]: Connection closed by authenticating user root 77.83.39.153 port 50424 [preauth]
Feb 22 00:04:37 ccs-cuda sshd[133556]: Invalid user gkmills from 92.118.39.81 port 34352
Feb 22 00:04:37 ccs-cuda sshd[133556]: pam_unix(sshd:auth): check pass; user unknown
Feb 22 00:04:37 ccs-cuda sshd[133556]: pam_unix(sshd:auth): authentication failure; logname= uid=0 euid=0 tty=ssh ruser= rhost=92.118.39.81 
Feb 22 00:04:39 ccs-cuda sshd[133556]: Failed password for invalid user gkmills from 92.118.39.81 port 34352 ssh2
Feb 22 00:04:41 ccs-cuda sshd[133556]: Connection closed by invalid user gkmills 92.118.39.81 port 34352 [preauth]
Feb 22 00:04:48 ccs-cuda sshd[133561]: Invalid user guest from 45.144.212.240 port 52642
Feb 22 00:04:48 ccs-cuda sshd[133561]: pam_unix(sshd:auth): check pass; user unknown
Feb 22 00:04:48 ccs-cuda sshd[133561]: pam_unix(sshd:auth): authentication failure; logname= uid=0 euid=0 tty=ssh ruser= rhost=45.144.212.240 
Feb 22 00:04:50 ccs-cuda sshd[133561]: Failed password for invalid user guest from 45.144.212.240 port 52642 ssh2
Feb 22 00:04:51 ccs-cuda sshd[133561]: Connection closed by invalid user guest 45.144.212.240 port 52642 [preauth]
Feb 22 00:04:57 ccs-cuda sshd[133564]: Invalid user giseli from 80.94.92.29 port 59782
Feb 22 00:04:58 ccs-cuda sshd[133566]: Invalid user panxiao from 2.57.122.245 port 55110
Feb 22 00:04:58 ccs-cuda sshd[133564]: pam_unix(sshd:auth): check pass; user unknown
Feb 22 00:04:58 ccs-cuda sshd[133564]: pam_unix(sshd:auth): authentication failure; logname= uid=0 euid=0 tty=ssh ruser= rhost=80.94.92.29 
Feb 22 00:04:58 ccs-cuda sshd[133566]: pam_unix(sshd:auth): check pass; user unknown
Feb 22 00:04:58 ccs-cuda sshd[133566]: pam_unix(sshd:auth): authentication failure; logname= uid=0 euid=0 tty=ssh ruser= rhost=2.57.122.245 
Feb 22 00:04:58 ccs-cuda sshd[133568]: Invalid user sing from 2.57.122.137 port 42734
Feb 22 00:04:58 ccs-cuda sshd[133568]: pam_unix(sshd:auth): check pass; user unknown
Feb 22 00:04:58 ccs-cuda sshd[133568]: pam_unix(sshd:auth): authentication failure; logname= uid=0 euid=0 tty=ssh ruser= rhost=2.57.122.137 
Feb 22 00:04:59 ccs-cuda sshd[133564]: Failed password for invalid user giseli from 80.94.92.29 port 59782 ssh2
Feb 22 00:05:00 ccs-cuda sshd[133566]: Failed password for invalid user panxiao from 2.57.122.245 port 55110 ssh2
Feb 22 00:05:00 ccs-cuda sshd[133568]: Failed password for invalid user sing from 2.57.122.137 port 42734 ssh2
Feb 22 00:05:00 ccs-cuda sshd[133568]: Connection closed by invalid user sing 2.57.122.137 port 42734 [preauth]
Feb 22 00:05:01 ccs-cuda sshd[133566]: Connection closed by invalid user panxiao 2.57.122.245 port 55110 [preauth]
Feb 22 00:05:01 ccs-cuda sshd[133564]: Connection closed by invalid user giseli 80.94.92.29 port 59782 [preauth]
Feb 22 00:05:05 ccs-cuda sshd[133574]: Invalid user ninesun from 80.94.92.176 port 35008
Feb 22 00:05:05 ccs-cuda sshd[133574]: pam_unix(sshd:auth): check pass; user unknown
Feb 22 00:05:05 ccs-cuda sshd[133574]: pam_unix(sshd:auth): authentication failure; logname= uid=0 euid=0 tty=ssh ruser= rhost=80.94.92.176 
Feb 22 00:05:06 ccs-cuda sshd[133576]: Invalid user mysql from 77.83.39.153 port 38478
Feb 22 00:05:06 ccs-cuda sshd[133576]: pam_unix(sshd:auth): check pass; user unknown
Feb 22 00:05:06 ccs-cuda sshd[133576]: pam_unix(sshd:auth): authentication failure; logname= uid=0 euid=0 tty=ssh ruser= rhost=77.83.39.153 
Feb 22 00:05:07 ccs-cuda sshd[133574]: Failed password for invalid user ninesun from 80.94.92.176 port 35008 ssh2
Feb 22 00:05:08 ccs-cuda sshd[133576]: Failed password for invalid user mysql from 77.83.39.153 port 38478 ssh2
Feb 22 00:05:09 ccs-cuda sshd[133576]: Connection closed by invalid user mysql 77.83.39.153 port 38478 [preauth]
Feb 22 00:05:10 ccs-cuda sshd[133574]: Connection closed by invalid user ninesun 80.94.92.176 port 35008 [preauth]
Feb 22 00:05:15 ccs-cuda sshd[133585]: Invalid user admin from 80.94.92.27 port 46992
Feb 22 00:05:15 ccs-cuda sshd[133585]: pam_unix(sshd:auth): check pass; user unknown
Feb 22 00:05:15 ccs-cuda sshd[133585]: pam_unix(sshd:auth): authentication failure; logname= uid=0 euid=0 tty=ssh ruser= rhost=80.94.92.27 
Feb 22 00:05:17 ccs-cuda sshd[133585]: Failed password for invalid user admin from 80.94.92.27 port 46992 ssh2
Feb 22 00:05:19 ccs-cuda sshd[133585]: Connection closed by invalid user admin 80.94.92.27 port 46992 [preauth]
Feb 22 00:05:20 ccs-cuda sshd[133587]: Invalid user milyao from 80.94.92.31 port 41430
Feb 22 00:05:21 ccs-cuda sshd[133587]: pam_unix(sshd:auth): check pass; user unknown
Feb 22 00:05:21 ccs-cuda sshd[133587]: pam_unix(sshd:auth): authentication failure; logname= uid=0 euid=0 tty=ssh ruser= rhost=80.94.92.31 
Feb 22 00:05:22 ccs-cuda sshd[133587]: Failed password for invalid user milyao from 80.94.92.31 port 41430 ssh2
Feb 22 00:05:24 ccs-cuda sshd[133587]: Connection closed by invalid user milyao 80.94.92.31 port 41430 [preauth]
Feb 22 00:05:34 ccs-cuda sshd[133592]: Invalid user jianghongyu from 80.94.92.163 port 58414
Feb 22 00:05:35 ccs-cuda sshd[133592]: pam_unix(sshd:auth): check pass; user unknown
Feb 22 00:05:35 ccs-cuda sshd[133592]: pam_unix(sshd:auth): authentication failure; logname= uid=0 euid=0 tty=ssh ruser= rhost=80.94.92.163 
Feb 22 00:05:38 ccs-cuda sshd[133592]: Failed password for invalid user jianghongyu from 80.94.92.163 port 58414 ssh2
Feb 22 00:05:38 ccs-cuda sshd[133592]: Connection closed by invalid user jianghongyu 80.94.92.163 port 58414 [preauth]
Feb 22 00:05:39 ccs-cuda sshd[133596]: Invalid user admin from 77.83.39.153 port 40476
Feb 22 00:05:40 ccs-cuda sshd[133596]: pam_unix(sshd:auth): check pass; user unknown
Feb 22 00:05:40 ccs-cuda sshd[133596]: pam_unix(sshd:auth): authentication failure; logname= uid=0 euid=0 tty=ssh ruser= rhost=77.83.39.153 
Feb 22 00:05:42 ccs-cuda sshd[133596]: Failed password for invalid user admin from 77.83.39.153 port 40476 ssh2
Feb 22 00:05:43 ccs-cuda sshd[133596]: Connection closed by invalid user admin 77.83.39.153 port 40476 [preauth]
Feb 22 00:05:43 ccs-cuda sshd[133600]: Invalid user yanglikun from 80.94.92.28 port 40064
Feb 22 00:05:44 ccs-cuda sshd[133600]: pam_unix(sshd:auth): check pass; user unknown
Feb 22 00:05:44 ccs-cuda sshd[133600]: pam_unix(sshd:auth): authentication failure; logname= uid=0 euid=0 tty=ssh ruser= rhost=80.94.92.28 
Feb 22 00:05:45 ccs-cuda sshd[133600]: Failed password for invalid user yanglikun from 80.94.92.28 port 40064 ssh2
Feb 22 00:05:46 ccs-cuda sshd[133602]: Invalid user guanying from 80.94.92.30 port 53866
Feb 22 00:05:46 ccs-cuda sshd[133602]: pam_unix(sshd:auth): check pass; user unknown
Feb 22 00:05:46 ccs-cuda sshd[133602]: pam_unix(sshd:auth): authentication failure; logname= uid=0 euid=0 tty=ssh ruser= rhost=80.94.92.30 
Feb 22 00:05:46 ccs-cuda sshd[133600]: Connection closed by invalid user yanglikun 80.94.92.28 port 40064 [preauth]
Feb 22 00:05:48 ccs-cuda sshd[133602]: Failed password for invalid user guanying from 80.94.92.30 port 53866 ssh2
Feb 22 00:05:50 ccs-cuda sshd[133602]: Connection closed by invalid user guanying 80.94.92.30 port 53866 [preauth]
Feb 22 00:06:11 ccs-cuda sshd[133644]: Invalid user chhfeng from 80.94.92.29 port 60302
Feb 22 00:06:11 ccs-cuda sshd[133644]: pam_unix(sshd:auth): check pass; user unknown
Feb 22 00:06:11 ccs-cuda sshd[133644]: pam_unix(sshd:auth): authentication failure; logname= uid=0 euid=0 tty=ssh ruser= rhost=80.94.92.29 
Feb 22 00:06:12 ccs-cuda sshd[133646]: Invalid user ademilton from 2.57.122.245 port 55670
Feb 22 00:06:12 ccs-cuda sshd[133646]: pam_unix(sshd:auth): check pass; user unknown
Feb 22 00:06:12 ccs-cuda sshd[133646]: pam_unix(sshd:auth): authentication failure; logname= uid=0 euid=0 tty=ssh ruser= rhost=2.57.122.245 
Feb 22 00:06:12 ccs-cuda sshd[133648]: pam_unix(sshd:auth): authentication failure; logname= uid=0 euid=0 tty=ssh ruser= rhost=77.83.39.153  user=root
Feb 22 00:06:14 ccs-cuda sshd[133644]: Failed password for invalid user chhfeng from 80.94.92.29 port 60302 ssh2
Feb 22 00:06:14 ccs-cuda sshd[133644]: Connection closed by invalid user chhfeng 80.94.92.29 port 60302 [preauth]
Feb 22 00:06:14 ccs-cuda sshd[133646]: Failed password for invalid user ademilton from 2.57.122.245 port 55670 ssh2
Feb 22 00:06:15 ccs-cuda sshd[133648]: Failed password for root from 77.83.39.153 port 35984 ssh2
Feb 22 00:06:15 ccs-cuda sshd[133648]: Connection closed by authenticating user root 77.83.39.153 port 35984 [preauth]
Feb 22 00:06:16 ccs-cuda sshd[133646]: Connection closed by invalid user ademilton 2.57.122.245 port 55670 [preauth]
Feb 22 00:06:29 ccs-cuda sshd[133653]: Invalid user zhangchunxu2 from 2.57.122.137 port 43484
Feb 22 00:06:29 ccs-cuda sshd[133653]: pam_unix(sshd:auth): check pass; user unknown
Feb 22 00:06:29 ccs-cuda sshd[133653]: pam_unix(sshd:auth): authentication failure; logname= uid=0 euid=0 tty=ssh ruser= rhost=2.57.122.137 
Feb 22 00:06:32 ccs-cuda sshd[133653]: Failed password for invalid user zhangchunxu2 from 2.57.122.137 port 43484 ssh2
Feb 22 00:06:33 ccs-cuda sshd[133660]: Invalid user jianghangjun from 92.118.39.81 port 50922
Feb 22 00:06:33 ccs-cuda sshd[133653]: Connection closed by invalid user zhangchunxu2 2.57.122.137 port 43484 [preauth]
Feb 22 00:06:33 ccs-cuda sshd[133660]: pam_unix(sshd:auth): check pass; user unknown
Feb 22 00:06:33 ccs-cuda sshd[133660]: pam_unix(sshd:auth): authentication failure; logname= uid=0 euid=0 tty=ssh ruser= rhost=92.118.39.81 
Feb 22 00:06:35 ccs-cuda sshd[133660]: Failed password for invalid user jianghangjun from 92.118.39.81 port 50922 ssh2
Feb 22 00:06:36 ccs-cuda sshd[133660]: Connection closed by invalid user jianghangjun 92.118.39.81 port 50922 [preauth]
Feb 22 00:06:39 ccs-cuda sshd[133662]: Invalid user aca from 80.94.92.31 port 41998
Feb 22 00:06:39 ccs-cuda sshd[133664]: Invalid user runner from 80.94.92.27 port 47736
Feb 22 00:06:39 ccs-cuda sshd[133662]: pam_unix(sshd:auth): check pass; user unknown
Feb 22 00:06:39 ccs-cuda sshd[133662]: pam_unix(sshd:auth): authentication failure; logname= uid=0 euid=0 tty=ssh ruser= rhost=80.94.92.31 
Feb 22 00:06:39 ccs-cuda sshd[133664]: pam_unix(sshd:auth): check pass; user unknown
Feb 22 00:06:39 ccs-cuda sshd[133664]: pam_unix(sshd:auth): authentication failure; logname= uid=0 euid=0 tty=ssh ruser= rhost=80.94.92.27 
Feb 22 00:06:40 ccs-cuda sshd[133662]: Failed password for invalid user aca from 80.94.92.31 port 41998 ssh2
Feb 22 00:06:40 ccs-cuda sshd[133664]: Failed password for invalid user runner from 80.94.92.27 port 47736 ssh2
Feb 22 00:06:41 ccs-cuda sshd[133662]: Connection closed by invalid user aca 80.94.92.31 port 41998 [preauth]
Feb 22 00:06:42 ccs-cuda sshd[133664]: Connection closed by invalid user runner 80.94.92.27 port 47736 [preauth]
Feb 22 00:06:44 ccs-cuda sshd[133672]: Invalid user ranqingxiang from 80.94.92.176 port 52118
Feb 22 00:06:44 ccs-cuda sshd[133672]: pam_unix(sshd:auth): check pass; user unknown
Feb 22 00:06:44 ccs-cuda sshd[133672]: pam_unix(sshd:auth): authentication failure; logname= uid=0 euid=0 tty=ssh ruser= rhost=80.94.92.176 
Feb 22 00:06:46 ccs-cuda sshd[133679]: Invalid user postgres from 77.83.39.153 port 34112
Feb 22 00:06:46 ccs-cuda sshd[133672]: Failed password for invalid user ranqingxiang from 80.94.92.176 port 52118 ssh2
Feb 22 00:06:46 ccs-cuda sshd[133667]: Connection reset by 91.202.233.33 port 49900 [preauth]
Feb 22 00:06:46 ccs-cuda sshd[133679]: pam_unix(sshd:auth): check pass; user unknown
Feb 22 00:06:46 ccs-cuda sshd[133679]: pam_unix(sshd:auth): authentication failure; logname= uid=0 euid=0 tty=ssh ruser= rhost=77.83.39.153 
Feb 22 00:06:46 ccs-cuda sshd[133672]: Connection closed by invalid user ranqingxiang 80.94.92.176 port 52118 [preauth]
Feb 22 00:06:48 ccs-cuda sshd[133679]: Failed password for invalid user postgres from 77.83.39.153 port 34112 ssh2
Feb 22 00:06:49 ccs-cuda sshd[133679]: Connection closed by invalid user postgres 77.83.39.153 port 34112 [preauth]
Feb 22 00:07:00 ccs-cuda sshd[133719]: pam_unix(sshd:auth): authentication failure; logname= uid=0 euid=0 tty=ssh ruser= rhost=45.144.212.240  user=root
Feb 22 00:07:00 ccs-cuda sshd[133717]: Invalid user liuziyu from 80.94.92.28 port 40704
Feb 22 00:07:00 ccs-cuda sshd[133717]: pam_unix(sshd:auth): check pass; user unknown
Feb 22 00:07:00 ccs-cuda sshd[133717]: pam_unix(sshd:auth): authentication failure; logname= uid=0 euid=0 tty=ssh ruser= rhost=80.94.92.28 
Feb 22 00:07:02 ccs-cuda sshd[133719]: Failed password for root from 45.144.212.240 port 52568 ssh2
Feb 22 00:07:02 ccs-cuda sshd[133717]: Failed password for invalid user liuziyu from 80.94.92.28 port 40704 ssh2
Feb 22 00:07:03 ccs-cuda sshd[133719]: Connection closed by authenticating user root 45.144.212.240 port 52568 [preauth]
Feb 22 00:07:03 ccs-cuda sshd[133721]: Invalid user russia from 80.94.92.30 port 54462
Feb 22 00:07:03 ccs-cuda sshd[133717]: Connection closed by invalid user liuziyu 80.94.92.28 port 40704 [preauth]
Feb 22 00:07:04 ccs-cuda sshd[133721]: pam_unix(sshd:auth): check pass; user unknown
Feb 22 00:07:04 ccs-cuda sshd[133721]: pam_unix(sshd:auth): authentication failure; logname= uid=0 euid=0 tty=ssh ruser= rhost=80.94.92.30 
Feb 22 00:07:06 ccs-cuda sshd[133721]: Failed password for invalid user russia from 80.94.92.30 port 54462 ssh2
Feb 22 00:07:07 ccs-cuda sshd[133721]: Connection closed by invalid user russia 80.94.92.30 port 54462 [preauth]
Feb 22 00:07:17 ccs-cuda sshd[133754]: Invalid user 1user from 80.94.92.163 port 47806
Feb 22 00:07:17 ccs-cuda sshd[133754]: pam_unix(sshd:auth): check pass; user unknown
Feb 22 00:07:17 ccs-cuda sshd[133754]: pam_unix(sshd:auth): authentication failure; logname= uid=0 euid=0 tty=ssh ruser= rhost=80.94.92.163 
Feb 22 00:07:19 ccs-cuda sshd[133756]: pam_unix(sshd:auth): authentication failure; logname= uid=0 euid=0 tty=ssh ruser= rhost=77.83.39.153  user=root
Feb 22 00:07:19 ccs-cuda sshd[133754]: Failed password for invalid user 1user from 80.94.92.163 port 47806 ssh2
Feb 22 00:07:21 ccs-cuda sshd[133754]: Connection closed by invalid user 1user 80.94.92.163 port 47806 [preauth]
Feb 22 00:07:21 ccs-cuda sshd[133756]: Failed password for root from 77.83.39.153 port 39292 ssh2
Feb 22 00:07:22 ccs-cuda sshd[133756]: Connection closed by authenticating user root 77.83.39.153 port 39292 [preauth]
Feb 22 00:07:22 ccs-cuda sshd[133758]: Invalid user xiwang from 80.94.92.29 port 60844
Feb 22 00:07:23 ccs-cuda sshd[133758]: pam_unix(sshd:auth): check pass; user unknown
Feb 22 00:07:23 ccs-cuda sshd[133758]: pam_unix(sshd:auth): authentication failure; logname= uid=0 euid=0 tty=ssh ruser= rhost=80.94.92.29 
Feb 22 00:07:25 ccs-cuda sshd[133758]: Failed password for invalid user xiwang from 80.94.92.29 port 60844 ssh2
Feb 22 00:07:26 ccs-cuda sshd[133758]: Connection closed by invalid user xiwang 80.94.92.29 port 60844 [preauth]
Feb 22 00:07:26 ccs-cuda sshd[133760]: Invalid user datagrand from 2.57.122.245 port 56232
Feb 22 00:07:26 ccs-cuda sshd[133760]: pam_unix(sshd:auth): check pass; user unknown
Feb 22 00:07:26 ccs-cuda sshd[133760]: pam_unix(sshd:auth): authentication failure; logname= uid=0 euid=0 tty=ssh ruser= rhost=2.57.122.245 
Feb 22 00:07:28 ccs-cuda sshd[133760]: Failed password for invalid user datagrand from 2.57.122.245 port 56232 ssh2
Feb 22 00:07:29 ccs-cuda sshd[133760]: Connection closed by invalid user datagrand 2.57.122.245 port 56232 [preauth]
Feb 22 00:07:52 ccs-cuda sshd[133790]: pam_unix(sshd:auth): authentication failure; logname= uid=0 euid=0 tty=ssh ruser= rhost=77.83.39.153  user=root
Feb 22 00:07:54 ccs-cuda sshd[133790]: Failed password for root from 77.83.39.153 port 38814 ssh2
Feb 22 00:07:55 ccs-cuda sshd[133790]: Connection closed by authenticating user root 77.83.39.153 port 38814 [preauth]
Feb 22 00:07:59 ccs-cuda sshd[133800]: Invalid user kongdh from 80.94.92.31 port 42578
Feb 22 00:07:59 ccs-cuda sshd[133800]: pam_unix(sshd:auth): check pass; user unknown
Feb 22 00:07:59 ccs-cuda sshd[133800]: pam_unix(sshd:auth): authentication failure; logname= uid=0 euid=0 tty=ssh ruser= rhost=80.94.92.31 
Feb 22 00:08:01 ccs-cuda sshd[133804]: Invalid user luzhehao from 2.57.122.137 port 44204
Feb 22 00:08:01 ccs-cuda sshd[133804]: pam_unix(sshd:auth): check pass; user unknown
Feb 22 00:08:01 ccs-cuda sshd[133804]: pam_unix(sshd:auth): authentication failure; logname= uid=0 euid=0 tty=ssh ruser= rhost=2.57.122.137 
Feb 22 00:08:01 ccs-cuda sshd[133800]: Failed password for invalid user kongdh from 80.94.92.31 port 42578 ssh2
Feb 22 00:08:02 ccs-cuda sshd[133806]: Invalid user zhangyiteng from 80.94.92.27 port 48470
Feb 22 00:08:02 ccs-cuda sshd[133806]: pam_unix(sshd:auth): check pass; user unknown
Feb 22 00:08:02 ccs-cuda sshd[133806]: pam_unix(sshd:auth): authentication failure; logname= uid=0 euid=0 tty=ssh ruser= rhost=80.94.92.27 
Feb 22 00:08:03 ccs-cuda sshd[133804]: Failed password for invalid user luzhehao from 2.57.122.137 port 44204 ssh2
Feb 22 00:08:04 ccs-cuda sshd[133800]: Connection closed by invalid user kongdh 80.94.92.31 port 42578 [preauth]
Feb 22 00:08:04 ccs-cuda sshd[133806]: Failed password for invalid user zhangyiteng from 80.94.92.27 port 48470 ssh2
Feb 22 00:08:05 ccs-cuda sshd[133804]: Connection closed by invalid user luzhehao 2.57.122.137 port 44204 [preauth]
Feb 22 00:08:06 ccs-cuda sshd[133806]: Connection closed by invalid user zhangyiteng 80.94.92.27 port 48470 [preauth]
Feb 22 00:08:15 ccs-cuda sshd[133811]: Invalid user daiyj from 80.94.92.28 port 41332
Feb 22 00:08:15 ccs-cuda sshd[133811]: pam_unix(sshd:auth): check pass; user unknown
Feb 22 00:08:15 ccs-cuda sshd[133811]: pam_unix(sshd:auth): authentication failure; logname= uid=0 euid=0 tty=ssh ruser= rhost=80.94.92.28 
Feb 22 00:08:18 ccs-cuda sshd[133811]: Failed password for invalid user daiyj from 80.94.92.28 port 41332 ssh2
Feb 22 00:08:18 ccs-cuda sshd[133811]: Connection closed by invalid user daiyj 80.94.92.28 port 41332 [preauth]
Feb 22 00:08:23 ccs-cuda sshd[133813]: Invalid user nsk from 80.94.92.30 port 55066
Feb 22 00:08:23 ccs-cuda sshd[133813]: pam_unix(sshd:auth): check pass; user unknown
Feb 22 00:08:23 ccs-cuda sshd[133813]: pam_unix(sshd:auth): authentication failure; logname= uid=0 euid=0 tty=ssh ruser= rhost=80.94.92.30 
Feb 22 00:08:25 ccs-cuda sshd[133813]: Failed password for invalid user nsk from 80.94.92.30 port 55066 ssh2
Feb 22 00:08:25 ccs-cuda sshd[133815]: Invalid user momin from 80.94.92.176 port 43868
Feb 22 00:08:25 ccs-cuda sshd[133815]: pam_unix(sshd:auth): check pass; user unknown
Feb 22 00:08:25 ccs-cuda sshd[133815]: pam_unix(sshd:auth): authentication failure; logname= uid=0 euid=0 tty=ssh ruser= rhost=80.94.92.176 
Feb 22 00:08:26 ccs-cuda sshd[133813]: Connection closed by invalid user nsk 80.94.92.30 port 55066 [preauth]
Feb 22 00:08:26 ccs-cuda sshd[133817]: pam_unix(sshd:auth): authentication failure; logname= uid=0 euid=0 tty=ssh ruser= rhost=77.83.39.153  user=root
Feb 22 00:08:28 ccs-cuda sshd[133815]: Failed password for invalid user momin from 80.94.92.176 port 43868 ssh2
Feb 22 00:08:28 ccs-cuda sshd[133817]: Failed password for root from 77.83.39.153 port 39320 ssh2
Feb 22 00:08:29 ccs-cuda sshd[133817]: Connection closed by authenticating user root 77.83.39.153 port 39320 [preauth]
Feb 22 00:08:30 ccs-cuda sshd[133821]: Invalid user chkim from 92.118.39.81 port 41946
Feb 22 00:08:30 ccs-cuda sshd[133815]: Connection closed by invalid user momin 80.94.92.176 port 43868 [preauth]
Feb 22 00:08:30 ccs-cuda sshd[133821]: pam_unix(sshd:auth): check pass; user unknown
Feb 22 00:08:30 ccs-cuda sshd[133821]: pam_unix(sshd:auth): authentication failure; logname= uid=0 euid=0 tty=ssh ruser= rhost=92.118.39.81 
Feb 22 00:08:32 ccs-cuda sshd[133821]: Failed password for invalid user chkim from 92.118.39.81 port 41946 ssh2
Feb 22 00:08:33 ccs-cuda sshd[133821]: Connection closed by invalid user chkim 92.118.39.81 port 41946 [preauth]
Feb 22 00:08:35 ccs-cuda sshd[133823]: pam_unix(sshd:auth): authentication failure; logname= uid=0 euid=0 tty=ssh ruser= rhost=80.94.92.29  user=root
Feb 22 00:08:37 ccs-cuda sshd[133823]: Failed password for root from 80.94.92.29 port 33130 ssh2
Feb 22 00:08:38 ccs-cuda sshd[133823]: Connection closed by authenticating user root 80.94.92.29 port 33130 [preauth]
Feb 22 00:08:39 ccs-cuda sshd[133825]: Invalid user dino from 2.57.122.245 port 56790
Feb 22 00:08:39 ccs-cuda sshd[133825]: pam_unix(sshd:auth): check pass; user unknown
Feb 22 00:08:39 ccs-cuda sshd[133825]: pam_unix(sshd:auth): authentication failure; logname= uid=0 euid=0 tty=ssh ruser= rhost=2.57.122.245 
Feb 22 00:08:41 ccs-cuda sshd[133825]: Failed password for invalid user dino from 2.57.122.245 port 56790 ssh2
Feb 22 00:08:42 ccs-cuda sshd[133825]: Connection closed by invalid user dino 2.57.122.245 port 56790 [preauth]
Feb 22 00:09:00 ccs-cuda sshd[133834]: Invalid user admin from 77.83.39.153 port 60380
Feb 22 00:09:00 ccs-cuda sshd[133834]: pam_unix(sshd:auth): check pass; user unknown
Feb 22 00:09:00 ccs-cuda sshd[133834]: pam_unix(sshd:auth): authentication failure; logname= uid=0 euid=0 tty=ssh ruser= rhost=77.83.39.153 
Feb 22 00:09:02 ccs-cuda sshd[133837]: pam_unix(sshd:auth): authentication failure; logname= uid=0 euid=0 tty=ssh ruser= rhost=80.94.92.163  user=root
Feb 22 00:09:02 ccs-cuda sshd[133834]: Failed password for invalid user admin from 77.83.39.153 port 60380 ssh2
Feb 22 00:09:04 ccs-cuda sshd[133834]: Connection closed by invalid user admin 77.83.39.153 port 60380 [preauth]
Feb 22 00:09:05 ccs-cuda sshd[133837]: Failed password for root from 80.94.92.163 port 37304 ssh2
Feb 22 00:09:05 ccs-cuda sshd[133837]: Connection closed by authenticating user root 80.94.92.163 port 37304 [preauth]
Feb 22 00:09:11 ccs-cuda sshd[133839]: pam_unix(sshd:auth): authentication failure; logname= uid=0 euid=0 tty=ssh ruser= rhost=45.144.212.240  user=root
Feb 22 00:09:13 ccs-cuda sshd[133839]: Failed password for root from 45.144.212.240 port 44498 ssh2
Feb 22 00:09:14 ccs-cuda sshd[133839]: Connection closed by authenticating user root 45.144.212.240 port 44498 [preauth]
Feb 22 00:09:19 ccs-cuda sshd[133845]: Invalid user beauty from 80.94.92.31 port 43142
Feb 22 00:09:19 ccs-cuda sshd[133845]: pam_unix(sshd:auth): check pass; user unknown
Feb 22 00:09:19 ccs-cuda sshd[133845]: pam_unix(sshd:auth): authentication failure; logname= uid=0 euid=0 tty=ssh ruser= rhost=80.94.92.31 
Feb 22 00:09:21 ccs-cuda sshd[133845]: Failed password for invalid user beauty from 80.94.92.31 port 43142 ssh2
Feb 22 00:09:23 ccs-cuda sshd[133845]: Connection closed by invalid user beauty 80.94.92.31 port 43142 [preauth]
Feb 22 00:09:26 ccs-cuda sshd[133881]: Invalid user liyongbing from 80.94.92.27 port 49214
Feb 22 00:09:26 ccs-cuda sshd[133881]: pam_unix(sshd:auth): check pass; user unknown
Feb 22 00:09:26 ccs-cuda sshd[133881]: pam_unix(sshd:auth): authentication failure; logname= uid=0 euid=0 tty=ssh ruser= rhost=80.94.92.27 
Feb 22 00:09:29 ccs-cuda sshd[133881]: Failed password for invalid user liyongbing from 80.94.92.27 port 49214 ssh2
Feb 22 00:09:29 ccs-cuda sshd[133881]: Connection closed by invalid user liyongbing 80.94.92.27 port 49214 [preauth]
Feb 22 00:09:33 ccs-cuda sshd[133886]: pam_unix(sshd:auth): authentication failure; logname= uid=0 euid=0 tty=ssh ruser= rhost=77.83.39.153  user=root
Feb 22 00:09:33 ccs-cuda sshd[133890]: Invalid user pieragowski from 2.57.122.137 port 44968
Feb 22 00:09:33 ccs-cuda sshd[133890]: pam_unix(sshd:auth): check pass; user unknown
Feb 22 00:09:33 ccs-cuda sshd[133890]: pam_unix(sshd:auth): authentication failure; logname= uid=0 euid=0 tty=ssh ruser= rhost=2.57.122.137 
Feb 22 00:09:34 ccs-cuda sshd[133888]: Invalid user szjyw from 80.94.92.28 port 41968
Feb 22 00:09:34 ccs-cuda sshd[133888]: pam_unix(sshd:auth): check pass; user unknown
Feb 22 00:09:34 ccs-cuda sshd[133888]: pam_unix(sshd:auth): authentication failure; logname= uid=0 euid=0 tty=ssh ruser= rhost=80.94.92.28 
Feb 22 00:09:35 ccs-cuda sshd[133886]: Failed password for root from 77.83.39.153 port 48450 ssh2
Feb 22 00:09:36 ccs-cuda sshd[133890]: Failed password for invalid user pieragowski from 2.57.122.137 port 44968 ssh2
Feb 22 00:09:36 ccs-cuda sshd[133888]: Failed password for invalid user szjyw from 80.94.92.28 port 41968 ssh2
Feb 22 00:09:36 ccs-cuda sshd[133890]: Connection closed by invalid user pieragowski 2.57.122.137 port 44968 [preauth]
Feb 22 00:09:36 ccs-cuda sshd[133886]: Connection closed by authenticating user root 77.83.39.153 port 48450 [preauth]
Feb 22 00:09:37 ccs-cuda sshd[133888]: Connection closed by invalid user szjyw 80.94.92.28 port 41968 [preauth]
Feb 22 00:09:43 ccs-cuda sshd[133897]: Invalid user yinhaoran from 80.94.92.30 port 55694
Feb 22 00:09:43 ccs-cuda sshd[133897]: pam_unix(sshd:auth): check pass; user unknown
Feb 22 00:09:43 ccs-cuda sshd[133897]: pam_unix(sshd:auth): authentication failure; logname= uid=0 euid=0 tty=ssh ruser= rhost=80.94.92.30 
Feb 22 00:09:45 ccs-cuda sshd[133897]: Failed password for invalid user yinhaoran from 80.94.92.30 port 55694 ssh2
Feb 22 00:09:48 ccs-cuda sshd[133897]: Connection closed by invalid user yinhaoran 80.94.92.30 port 55694 [preauth]
Feb 22 00:09:50 ccs-cuda sshd[133926]: Invalid user lyhuang from 80.94.92.29 port 33652
Feb 22 00:09:50 ccs-cuda sshd[133926]: pam_unix(sshd:auth): check pass; user unknown
Feb 22 00:09:50 ccs-cuda sshd[133926]: pam_unix(sshd:auth): authentication failure; logname= uid=0 euid=0 tty=ssh ruser= rhost=80.94.92.29 
Feb 22 00:09:52 ccs-cuda sshd[133926]: Failed password for invalid user lyhuang from 80.94.92.29 port 33652 ssh2
Feb 22 00:09:53 ccs-cuda sshd[133926]: Connection closed by invalid user lyhuang 80.94.92.29 port 33652 [preauth]
Feb 22 00:09:53 ccs-cuda sshd[133928]: Invalid user martinho from 2.57.122.245 port 57334
Feb 22 00:09:53 ccs-cuda sshd[133928]: pam_unix(sshd:auth): check pass; user unknown
Feb 22 00:09:53 ccs-cuda sshd[133928]: pam_unix(sshd:auth): authentication failure; logname= uid=0 euid=0 tty=ssh ruser= rhost=2.57.122.245 
Feb 22 00:09:55 ccs-cuda sshd[133928]: Failed password for invalid user martinho from 2.57.122.245 port 57334 ssh2
Feb 22 00:09:56 ccs-cuda sshd[133928]: Connection closed by invalid user martinho 2.57.122.245 port 57334 [preauth]
Feb 22 00:10:05 ccs-cuda sshd[133933]: Invalid user paas from 80.94.92.176 port 33478
Feb 22 00:10:05 ccs-cuda sshd[133933]: pam_unix(sshd:auth): check pass; user unknown
Feb 22 00:10:05 ccs-cuda sshd[133933]: pam_unix(sshd:auth): authentication failure; logname= uid=0 euid=0 tty=ssh ruser= rhost=80.94.92.176 
Feb 22 00:10:06 ccs-cuda sshd[133935]: Invalid user ubuntu from 77.83.39.153 port 44420
Feb 22 00:10:07 ccs-cuda sshd[133935]: pam_unix(sshd:auth): check pass; user unknown
Feb 22 00:10:07 ccs-cuda sshd[133935]: pam_unix(sshd:auth): authentication failure; logname= uid=0 euid=0 tty=ssh ruser= rhost=77.83.39.153 
Feb 22 00:10:07 ccs-cuda sshd[133933]: Failed password for invalid user paas from 80.94.92.176 port 33478 ssh2
Feb 22 00:10:09 ccs-cuda sshd[133933]: Connection closed by invalid user paas 80.94.92.176 port 33478 [preauth]
Feb 22 00:10:09 ccs-cuda sshd[133935]: Failed password for invalid user ubuntu from 77.83.39.153 port 44420 ssh2
Feb 22 00:10:10 ccs-cuda sshd[133935]: Connection closed by invalid user ubuntu 77.83.39.153 port 44420 [preauth]
Feb 22 00:10:26 ccs-cuda sshd[133953]: Invalid user zedgerrit from 92.118.39.81 port 60454
Feb 22 00:10:26 ccs-cuda sshd[133953]: pam_unix(sshd:auth): check pass; user unknown
Feb 22 00:10:26 ccs-cuda sshd[133953]: pam_unix(sshd:auth): authentication failure; logname= uid=0 euid=0 tty=ssh ruser= rhost=92.118.39.81 
Feb 22 00:10:29 ccs-cuda sshd[133953]: Failed password for invalid user zedgerrit from 92.118.39.81 port 60454 ssh2
Feb 22 00:10:30 ccs-cuda sshd[133953]: Connection closed by invalid user zedgerrit 92.118.39.81 port 60454 [preauth]
Feb 22 00:10:38 ccs-cuda sshd[133962]: Invalid user zhanghongyi from 80.94.92.31 port 43702
Feb 22 00:10:38 ccs-cuda sshd[133962]: pam_unix(sshd:auth): check pass; user unknown
Feb 22 00:10:38 ccs-cuda sshd[133962]: pam_unix(sshd:auth): authentication failure; logname= uid=0 euid=0 tty=ssh ruser= rhost=80.94.92.31 
Feb 22 00:10:39 ccs-cuda sshd[133964]: Invalid user inspur from 77.83.39.153 port 55530
Feb 22 00:10:39 ccs-cuda sshd[133964]: pam_unix(sshd:auth): check pass; user unknown
Feb 22 00:10:39 ccs-cuda sshd[133964]: pam_unix(sshd:auth): authentication failure; logname= uid=0 euid=0 tty=ssh ruser= rhost=77.83.39.153 
Feb 22 00:10:40 ccs-cuda sshd[133962]: Failed password for invalid user zhanghongyi from 80.94.92.31 port 43702 ssh2
Feb 22 00:10:42 ccs-cuda sshd[133962]: Connection closed by invalid user zhanghongyi 80.94.92.31 port 43702 [preauth]
Feb 22 00:10:42 ccs-cuda sshd[133964]: Failed password for invalid user inspur from 77.83.39.153 port 55530 ssh2
Feb 22 00:10:43 ccs-cuda sshd[133964]: Connection closed by invalid user inspur 77.83.39.153 port 55530 [preauth]
Feb 22 00:10:46 ccs-cuda sshd[133975]: Invalid user tangbj from 80.94.92.163 port 53832
Feb 22 00:10:46 ccs-cuda sshd[133975]: pam_unix(sshd:auth): check pass; user unknown
Feb 22 00:10:46 ccs-cuda sshd[133975]: pam_unix(sshd:auth): authentication failure; logname= uid=0 euid=0 tty=ssh ruser= rhost=80.94.92.163 
Feb 22 00:10:48 ccs-cuda sshd[133975]: Failed password for invalid user tangbj from 80.94.92.163 port 53832 ssh2
Feb 22 00:10:48 ccs-cuda sshd[133975]: Connection closed by invalid user tangbj 80.94.92.163 port 53832 [preauth]
Feb 22 00:10:51 ccs-cuda sshd[133984]: Invalid user litianyu from 80.94.92.27 port 49952
Feb 22 00:10:51 ccs-cuda sshd[133984]: pam_unix(sshd:auth): check pass; user unknown
Feb 22 00:10:51 ccs-cuda sshd[133984]: pam_unix(sshd:auth): authentication failure; logname= uid=0 euid=0 tty=ssh ruser= rhost=80.94.92.27 
Feb 22 00:10:51 ccs-cuda sshd[133982]: Invalid user caili from 80.94.92.28 port 42578
Feb 22 00:10:51 ccs-cuda sshd[133982]: pam_unix(sshd:auth): check pass; user unknown
