Feb 22 00:10:51 ccs-cuda sshd[133982]: pam_unix(sshd:auth): authentication failure; logname= uid=0 euid=0 tty=ssh ruser= rhost=80.94.92.28 
Feb 22 00:10:54 ccs-cuda sshd[133984]: Failed password for invalid user litianyu from 80.94.92.27 port 49952 ssh2
Feb 22 00:10:54 ccs-cuda sshd[133982]: Failed password for invalid user caili from 80.94.92.28 port 42578 ssh2
Feb 22 00:10:55 ccs-cuda sshd[133982]: Connection closed by invalid user caili 80.94.92.28 port 42578 [preauth]
Feb 22 00:10:55 ccs-cuda sshd[133984]: Connection closed by invalid user litianyu 80.94.92.27 port 49952 [preauth]
Feb 22 00:11:01 ccs-cuda sshd[133990]: Invalid user wusirui from 80.94.92.29 port 34166
Feb 22 00:11:02 ccs-cuda sshd[133990]: pam_unix(sshd:auth): check pass; user unknown
Feb 22 00:11:02 ccs-cuda sshd[133990]: pam_unix(sshd:auth): authentication failure; logname= uid=0 euid=0 tty=ssh ruser= rhost=80.94.92.29 
Feb 22 00:11:02 ccs-cuda sshd[133992]: Invalid user wutianqi from 80.94.92.30 port 56294
Feb 22 00:11:02 ccs-cuda sshd[133992]: pam_unix(sshd:auth): check pass; user unknown
Feb 22 00:11:02 ccs-cuda sshd[133992]: pam_unix(sshd:auth): authentication failure; logname= uid=0 euid=0 tty=ssh ruser= rhost=80.94.92.30 
Feb 22 00:11:04 ccs-cuda sshd[133990]: Failed password for invalid user wusirui from 80.94.92.29 port 34166 ssh2
Feb 22 00:11:05 ccs-cuda sshd[133992]: Failed password for invalid user wutianqi from 80.94.92.30 port 56294 ssh2
Feb 22 00:11:05 ccs-cuda sshd[133995]: Invalid user samza from 2.57.122.137 port 45714
Feb 22 00:11:05 ccs-cuda sshd[133990]: Connection closed by invalid user wusirui 80.94.92.29 port 34166 [preauth]
Feb 22 00:11:06 ccs-cuda sshd[133995]: pam_unix(sshd:auth): check pass; user unknown
Feb 22 00:11:06 ccs-cuda sshd[133995]: pam_unix(sshd:auth): authentication failure; logname= uid=0 euid=0 tty=ssh ruser= rhost=2.57.122.137 
Feb 22 00:11:06 ccs-cuda sshd[133992]: Connection closed by invalid user wutianqi 80.94.92.30 port 56294 [preauth]
Feb 22 00:11:07 ccs-cuda sshd[133995]: Failed password for invalid user samza from 2.57.122.137 port 45714 ssh2
Feb 22 00:11:08 ccs-cuda sshd[133997]: Invalid user meiyq from 2.57.122.245 port 57902
Feb 22 00:11:08 ccs-cuda sshd[133995]: Connection closed by invalid user samza 2.57.122.137 port 45714 [preauth]
Feb 22 00:11:08 ccs-cuda sshd[133997]: pam_unix(sshd:auth): check pass; user unknown
Feb 22 00:11:08 ccs-cuda sshd[133997]: pam_unix(sshd:auth): authentication failure; logname= uid=0 euid=0 tty=ssh ruser= rhost=2.57.122.245 
Feb 22 00:11:10 ccs-cuda sshd[133997]: Failed password for invalid user meiyq from 2.57.122.245 port 57902 ssh2
Feb 22 00:11:10 ccs-cuda sshd[133997]: Connection closed by invalid user meiyq 2.57.122.245 port 57902 [preauth]
Feb 22 00:11:12 ccs-cuda sshd[134007]: pam_unix(sshd:auth): authentication failure; logname= uid=0 euid=0 tty=ssh ruser= rhost=77.83.39.153  user=root
Feb 22 00:11:13 ccs-cuda sshd[134007]: Failed password for root from 77.83.39.153 port 55458 ssh2
Feb 22 00:11:15 ccs-cuda sshd[134007]: Connection closed by authenticating user root 77.83.39.153 port 55458 [preauth]
Feb 22 00:11:17 ccs-cuda sshd[134009]: Invalid user admin from 45.144.212.240 port 48668
Feb 22 00:11:18 ccs-cuda sshd[134009]: pam_unix(sshd:auth): check pass; user unknown
Feb 22 00:11:18 ccs-cuda sshd[134009]: pam_unix(sshd:auth): authentication failure; logname= uid=0 euid=0 tty=ssh ruser= rhost=45.144.212.240 
Feb 22 00:11:19 ccs-cuda sshd[134009]: Failed password for invalid user admin from 45.144.212.240 port 48668 ssh2
Feb 22 00:11:21 ccs-cuda sshd[134009]: Connection closed by invalid user admin 45.144.212.240 port 48668 [preauth]
Feb 22 00:11:45 ccs-cuda sshd[134057]: pam_unix(sshd:auth): authentication failure; logname= uid=0 euid=0 tty=ssh ruser= rhost=77.83.39.153  user=root
Feb 22 00:11:45 ccs-cuda sshd[134059]: Invalid user movistar from 80.94.92.176 port 49562
Feb 22 00:11:46 ccs-cuda sshd[134059]: pam_unix(sshd:auth): check pass; user unknown
Feb 22 00:11:46 ccs-cuda sshd[134059]: pam_unix(sshd:auth): authentication failure; logname= uid=0 euid=0 tty=ssh ruser= rhost=80.94.92.176 
Feb 22 00:11:47 ccs-cuda sshd[134057]: Failed password for root from 77.83.39.153 port 38730 ssh2
Feb 22 00:11:47 ccs-cuda sshd[134059]: Failed password for invalid user movistar from 80.94.92.176 port 49562 ssh2
Feb 22 00:11:48 ccs-cuda sshd[134057]: Connection closed by authenticating user root 77.83.39.153 port 38730 [preauth]
Feb 22 00:11:48 ccs-cuda sshd[134059]: Connection closed by invalid user movistar 80.94.92.176 port 49562 [preauth]
Feb 22 00:11:57 ccs-cuda sshd[134066]: pam_unix(sshd:auth): authentication failure; logname= uid=0 euid=0 tty=ssh ruser= rhost=80.94.92.31  user=root
Feb 22 00:11:59 ccs-cuda sshd[134066]: Failed password for root from 80.94.92.31 port 44246 ssh2
Feb 22 00:12:00 ccs-cuda sshd[134066]: Connection closed by authenticating user root 80.94.92.31 port 44246 [preauth]
Feb 22 00:12:06 ccs-cuda sshd[134097]: Invalid user yanwen from 80.94.92.28 port 43186
Feb 22 00:12:06 ccs-cuda sshd[134097]: pam_unix(sshd:auth): check pass; user unknown
Feb 22 00:12:06 ccs-cuda sshd[134097]: pam_unix(sshd:auth): authentication failure; logname= uid=0 euid=0 tty=ssh ruser= rhost=80.94.92.28 
Feb 22 00:12:08 ccs-cuda sshd[134097]: Failed password for invalid user yanwen from 80.94.92.28 port 43186 ssh2
Feb 22 00:12:09 ccs-cuda sshd[134097]: Connection closed by invalid user yanwen 80.94.92.28 port 43186 [preauth]
Feb 22 00:12:14 ccs-cuda sshd[134107]: Invalid user wanmin from 80.94.92.29 port 34718
Feb 22 00:12:14 ccs-cuda sshd[134107]: pam_unix(sshd:auth): check pass; user unknown
Feb 22 00:12:14 ccs-cuda sshd[134107]: pam_unix(sshd:auth): authentication failure; logname= uid=0 euid=0 tty=ssh ruser= rhost=80.94.92.29 
Feb 22 00:12:15 ccs-cuda sshd[134109]: Invalid user wengxutao from 80.94.92.27 port 50688
Feb 22 00:12:15 ccs-cuda sshd[134109]: pam_unix(sshd:auth): check pass; user unknown
Feb 22 00:12:15 ccs-cuda sshd[134109]: pam_unix(sshd:auth): authentication failure; logname= uid=0 euid=0 tty=ssh ruser= rhost=80.94.92.27 
Feb 22 00:12:16 ccs-cuda sshd[134107]: Failed password for invalid user wanmin from 80.94.92.29 port 34718 ssh2
Feb 22 00:12:18 ccs-cuda sshd[134111]: Invalid user hadoop from 77.83.39.153 port 59482
Feb 22 00:12:18 ccs-cuda sshd[134109]: Failed password for invalid user wengxutao from 80.94.92.27 port 50688 ssh2
Feb 22 00:12:18 ccs-cuda sshd[134107]: Connection closed by invalid user wanmin 80.94.92.29 port 34718 [preauth]
Feb 22 00:12:18 ccs-cuda sshd[134111]: pam_unix(sshd:auth): check pass; user unknown
Feb 22 00:12:18 ccs-cuda sshd[134111]: pam_unix(sshd:auth): authentication failure; logname= uid=0 euid=0 tty=ssh ruser= rhost=77.83.39.153 
Feb 22 00:12:19 ccs-cuda sshd[134109]: Connection closed by invalid user wengxutao 80.94.92.27 port 50688 [preauth]
Feb 22 00:12:19 ccs-cuda sshd[134111]: Failed password for invalid user hadoop from 77.83.39.153 port 59482 ssh2
Feb 22 00:12:20 ccs-cuda sshd[134111]: Connection closed by invalid user hadoop 77.83.39.153 port 59482 [preauth]
Feb 22 00:12:20 ccs-cuda sshd[134113]: Invalid user ubuntu from 2.57.122.245 port 58454
Feb 22 00:12:20 ccs-cuda sshd[134113]: pam_unix(sshd:auth): check pass; user unknown
Feb 22 00:12:20 ccs-cuda sshd[134113]: pam_unix(sshd:auth): authentication failure; logname= uid=0 euid=0 tty=ssh ruser= rhost=2.57.122.245 
Feb 22 00:12:21 ccs-cuda sshd[134115]: Invalid user mprc from 80.94.92.30 port 56926
Feb 22 00:12:22 ccs-cuda sshd[134117]: Invalid user mengru from 92.118.39.81 port 48084
Feb 22 00:12:22 ccs-cuda sshd[134115]: pam_unix(sshd:auth): check pass; user unknown
Feb 22 00:12:22 ccs-cuda sshd[134115]: pam_unix(sshd:auth): authentication failure; logname= uid=0 euid=0 tty=ssh ruser= rhost=80.94.92.30 
Feb 22 00:12:22 ccs-cuda sshd[134117]: pam_unix(sshd:auth): check pass; user unknown
Feb 22 00:12:22 ccs-cuda sshd[134117]: pam_unix(sshd:auth): authentication failure; logname= uid=0 euid=0 tty=ssh ruser= rhost=92.118.39.81 
Feb 22 00:12:22 ccs-cuda sshd[134113]: Failed password for invalid user ubuntu from 2.57.122.245 port 58454 ssh2
Feb 22 00:12:24 ccs-cuda sshd[134115]: Failed password for invalid user mprc from 80.94.92.30 port 56926 ssh2
Feb 22 00:12:24 ccs-cuda sshd[134113]: Connection closed by invalid user ubuntu 2.57.122.245 port 58454 [preauth]
Feb 22 00:12:24 ccs-cuda sshd[134117]: Failed password for invalid user mengru from 92.118.39.81 port 48084 ssh2
Feb 22 00:12:24 ccs-cuda sshd[134115]: Connection closed by invalid user mprc 80.94.92.30 port 56926 [preauth]
Feb 22 00:12:24 ccs-cuda sshd[134117]: Connection closed by invalid user mengru 92.118.39.81 port 48084 [preauth]
Feb 22 00:12:28 ccs-cuda sshd[134122]: Invalid user wuguoqing from 80.94.92.163 port 44584
Feb 22 00:12:28 ccs-cuda sshd[134122]: pam_unix(sshd:auth): check pass; user unknown
Feb 22 00:12:28 ccs-cuda sshd[134122]: pam_unix(sshd:auth): authentication failure; logname= uid=0 euid=0 tty=ssh ruser= rhost=80.94.92.163 
Feb 22 00:12:30 ccs-cuda sshd[134122]: Failed password for invalid user wuguoqing from 80.94.92.163 port 44584 ssh2
Feb 22 00:12:31 ccs-cuda sshd[134122]: Connection closed by invalid user wuguoqing 80.94.92.163 port 44584 [preauth]
Feb 22 00:12:34 ccs-cuda sshd[134131]: Invalid user tianrm from 2.57.122.137 port 46478
Feb 22 00:12:35 ccs-cuda sshd[134131]: pam_unix(sshd:auth): check pass; user unknown
Feb 22 00:12:35 ccs-cuda sshd[134131]: pam_unix(sshd:auth): authentication failure; logname= uid=0 euid=0 tty=ssh ruser= rhost=2.57.122.137 
Feb 22 00:12:37 ccs-cuda sshd[134131]: Failed password for invalid user tianrm from 2.57.122.137 port 46478 ssh2
Feb 22 00:12:39 ccs-cuda sshd[134131]: Connection closed by invalid user tianrm 2.57.122.137 port 46478 [preauth]
Feb 22 00:12:50 ccs-cuda sshd[134148]: Invalid user dbcloud from 77.83.39.153 port 36832
Feb 22 00:12:50 ccs-cuda sshd[134148]: pam_unix(sshd:auth): check pass; user unknown
Feb 22 00:12:50 ccs-cuda sshd[134148]: pam_unix(sshd:auth): authentication failure; logname= uid=0 euid=0 tty=ssh ruser= rhost=77.83.39.153 
Feb 22 00:12:52 ccs-cuda sshd[134148]: Failed password for invalid user dbcloud from 77.83.39.153 port 36832 ssh2
Feb 22 00:12:55 ccs-cuda sshd[134148]: Connection closed by invalid user dbcloud 77.83.39.153 port 36832 [preauth]
Feb 22 00:13:15 ccs-cuda sshd[134167]: Invalid user vagrant5 from 80.94.92.31 port 44792
Feb 22 00:13:15 ccs-cuda sshd[134167]: pam_unix(sshd:auth): check pass; user unknown
Feb 22 00:13:15 ccs-cuda sshd[134167]: pam_unix(sshd:auth): authentication failure; logname= uid=0 euid=0 tty=ssh ruser= rhost=80.94.92.31 
Feb 22 00:13:17 ccs-cuda sshd[134167]: Failed password for invalid user vagrant5 from 80.94.92.31 port 44792 ssh2
Feb 22 00:13:19 ccs-cuda sshd[134167]: Connection closed by invalid user vagrant5 80.94.92.31 port 44792 [preauth]
Feb 22 00:13:20 ccs-cuda sshd[134169]: Invalid user shante from 80.94.92.28 port 43796
Feb 22 00:13:20 ccs-cuda sshd[134169]: pam_unix(sshd:auth): check pass; user unknown
Feb 22 00:13:20 ccs-cuda sshd[134169]: pam_unix(sshd:auth): authentication failure; logname= uid=0 euid=0 tty=ssh ruser= rhost=80.94.92.28 
Feb 22 00:13:22 ccs-cuda sshd[134172]: pam_unix(sshd:auth): authentication failure; logname= uid=0 euid=0 tty=ssh ruser= rhost=80.94.92.176  user=root
Feb 22 00:13:22 ccs-cuda sshd[134169]: Failed password for invalid user shante from 80.94.92.28 port 43796 ssh2
Feb 22 00:13:23 ccs-cuda sshd[134174]: pam_unix(sshd:auth): authentication failure; logname= uid=0 euid=0 tty=ssh ruser= rhost=77.83.39.153  user=root
Feb 22 00:13:23 ccs-cuda sshd[134172]: Failed password for root from 80.94.92.176 port 37802 ssh2
Feb 22 00:13:24 ccs-cuda sshd[134176]: Invalid user user06 from 80.94.92.29 port 35244
Feb 22 00:13:24 ccs-cuda sshd[134169]: Connection closed by invalid user shante 80.94.92.28 port 43796 [preauth]
Feb 22 00:13:24 ccs-cuda sshd[134176]: pam_unix(sshd:auth): check pass; user unknown
Feb 22 00:13:24 ccs-cuda sshd[134176]: pam_unix(sshd:auth): authentication failure; logname= uid=0 euid=0 tty=ssh ruser= rhost=80.94.92.29 
Feb 22 00:13:25 ccs-cuda sshd[134174]: Failed password for root from 77.83.39.153 port 49760 ssh2
Feb 22 00:13:25 ccs-cuda sshd[134172]: Connection closed by authenticating user root 80.94.92.176 port 37802 [preauth]
Feb 22 00:13:26 ccs-cuda sshd[134174]: Connection closed by authenticating user root 77.83.39.153 port 49760 [preauth]
Feb 22 00:13:26 ccs-cuda sshd[134176]: Failed password for invalid user user06 from 80.94.92.29 port 35244 ssh2
Feb 22 00:13:27 ccs-cuda sshd[134180]: pam_unix(sshd:auth): authentication failure; logname= uid=0 euid=0 tty=ssh ruser= rhost=45.144.212.240  user=root
Feb 22 00:13:27 ccs-cuda sshd[134176]: Connection closed by invalid user user06 80.94.92.29 port 35244 [preauth]
Feb 22 00:13:29 ccs-cuda sshd[134180]: Failed password for root from 45.144.212.240 port 38724 ssh2
Feb 22 00:13:30 ccs-cuda sshd[134180]: Connection closed by authenticating user root 45.144.212.240 port 38724 [preauth]
Feb 22 00:13:30 ccs-cuda sshd[134183]: Invalid user yankunwang from 2.57.122.245 port 59002
Feb 22 00:13:30 ccs-cuda sshd[134183]: pam_unix(sshd:auth): check pass; user unknown
Feb 22 00:13:30 ccs-cuda sshd[134183]: pam_unix(sshd:auth): authentication failure; logname= uid=0 euid=0 tty=ssh ruser= rhost=2.57.122.245 
Feb 22 00:13:32 ccs-cuda sshd[134183]: Failed password for invalid user yankunwang from 2.57.122.245 port 59002 ssh2
Feb 22 00:13:33 ccs-cuda sshd[134183]: Connection closed by invalid user yankunwang 2.57.122.245 port 59002 [preauth]
Feb 22 00:13:37 ccs-cuda sshd[134185]: Invalid user shuhan from 80.94.92.27 port 51420
Feb 22 00:13:37 ccs-cuda sshd[134185]: pam_unix(sshd:auth): check pass; user unknown
Feb 22 00:13:37 ccs-cuda sshd[134185]: pam_unix(sshd:auth): authentication failure; logname= uid=0 euid=0 tty=ssh ruser= rhost=80.94.92.27 
Feb 22 00:13:38 ccs-cuda sshd[134187]: pam_unix(sshd:auth): authentication failure; logname= uid=0 euid=0 tty=ssh ruser= rhost=80.94.92.30  user=root
Feb 22 00:13:39 ccs-cuda sshd[134185]: Failed password for invalid user shuhan from 80.94.92.27 port 51420 ssh2
Feb 22 00:13:40 ccs-cuda sshd[134185]: Connection closed by invalid user shuhan 80.94.92.27 port 51420 [preauth]
Feb 22 00:13:40 ccs-cuda sshd[134187]: Failed password for root from 80.94.92.30 port 57564 ssh2
Feb 22 00:13:41 ccs-cuda sshd[134187]: Connection closed by authenticating user root 80.94.92.30 port 57564 [preauth]
Feb 22 00:13:55 ccs-cuda sshd[134195]: Invalid user ubuntu from 77.83.39.153 port 40492
Feb 22 00:13:56 ccs-cuda sshd[134195]: pam_unix(sshd:auth): check pass; user unknown
Feb 22 00:13:56 ccs-cuda sshd[134195]: pam_unix(sshd:auth): authentication failure; logname= uid=0 euid=0 tty=ssh ruser= rhost=77.83.39.153 
Feb 22 00:13:58 ccs-cuda sshd[134195]: Failed password for invalid user ubuntu from 77.83.39.153 port 40492 ssh2
Feb 22 00:13:59 ccs-cuda sshd[134195]: Connection closed by invalid user ubuntu 77.83.39.153 port 40492 [preauth]
Feb 22 00:14:02 ccs-cuda sshd[134198]: Invalid user liuxinquan from 2.57.122.137 port 47202
Feb 22 00:14:02 ccs-cuda sshd[134198]: pam_unix(sshd:auth): check pass; user unknown
Feb 22 00:14:02 ccs-cuda sshd[134198]: pam_unix(sshd:auth): authentication failure; logname= uid=0 euid=0 tty=ssh ruser= rhost=2.57.122.137 
Feb 22 00:14:04 ccs-cuda sshd[134198]: Failed password for invalid user liuxinquan from 2.57.122.137 port 47202 ssh2
Feb 22 00:14:05 ccs-cuda sshd[134198]: Connection closed by invalid user liuxinquan 2.57.122.137 port 47202 [preauth]
Feb 22 00:14:09 ccs-cuda sshd[134202]: Invalid user es from 80.94.92.163 port 34858
Feb 22 00:14:09 ccs-cuda sshd[134202]: pam_unix(sshd:auth): check pass; user unknown
Feb 22 00:14:09 ccs-cuda sshd[134202]: pam_unix(sshd:auth): authentication failure; logname= uid=0 euid=0 tty=ssh ruser= rhost=80.94.92.163 
Feb 22 00:14:11 ccs-cuda sshd[134202]: Failed password for invalid user es from 80.94.92.163 port 34858 ssh2
Feb 22 00:14:13 ccs-cuda sshd[134202]: Connection closed by invalid user es 80.94.92.163 port 34858 [preauth]